SQL> SELECT SYSTIMESTAMP(8)
  2  FROM DUAL;

SYSTIMESTAMP(8)                                                                 
---------------------------------------------------------------------------     
17-NOV-17 12.21.45.39867500 PM +00:00                                           

SQL> SELECT CURRENT_TIMESTAMP
  2  FROM DUAL;

CURRENT_TIMESTAMP                                                               
---------------------------------------------------------------------------     
17-NOV-17 12.21.49.634816 PM +00:00                                             

SQL> ALTER TABLE DEPARTAMENTO
  2  ADD (D1 TIMESTAMP(8) DEFAULT SYSTIMESTAMP(8));

Table altered.

SQL> SELECT *
  2  FROM DEPARTAMENTO;

        CD D                                                                    
---------- ------------------------------------------------------------         
D1                                                                              
---------------------------------------------------------------------------     
         1 ANALISIS MATEMATICO                                                  
17-NOV-17 12.22.30.59888300 PM                                                  
                                                                                
         2 ASTROFISICA                                                          
17-NOV-17 12.22.30.59888300 PM                                                  
                                                                                
         3 ESTADISTICA, INVESTIGACION OPERATIVA Y COMPUTACION                   
17-NOV-17 12.22.30.59888300 PM                                                  
                                                                                

        CD D                                                                    
---------- ------------------------------------------------------------         
D1                                                                              
---------------------------------------------------------------------------     
         4 MATEMATICA FUNDAMENTAL                                               
17-NOV-17 12.22.30.59888300 PM                                                  
                                                                                

SQL> ALTER TABLE DEPARTAMENTO
  2  ADD (D1 TIMESTAMP(8) DEFAULT SYSTIMESTAMP(8))
  3  MODIFY (D1 TIMESTAMP(9));
MODIFY (D1 TIMESTAMP(9))
        *
ERROR at line 3:
ORA-00957: duplicate column name 


SQL> MODIFY (D1 TIMESTAMP(9));
SP2-0734: unknown command beginning "MODIFY (D1..." - rest of line ignored.
SQL> ALTER TABLE DEPARTAMENTO
  2  ADD (D1 TIMESTAMP(8) DEFAULT SYSTIMESTAMP(8))
  3  MODIFY (D1 TIMESTAMP(9));
MODIFY (D1 TIMESTAMP(9))
        *
ERROR at line 3:
ORA-00957: duplicate column name 


SQL> ALTER TABLE DEPARTAMENTO
  2  MODIFY (D1 TIMESTAMP(9));

Table altered.

SQL> ALTER TABLE DEPARTAMENTO
  2  RENAME COLUMN D1 TO D2;

Table altered.

SQL> DESCRIBE DEPARTAMENTO;
 Name                                      Null?    Type
 ----------------------------------------- -------- ----------------------------
 CD                                        NOT NULL NUMBER(2)
 D                                                  VARCHAR2(60)
 D2                                                 TIMESTAMP(9)

SQL> ALTER TABLE DEPARTAMENTO
  2  DROP COLUMN D2;

Table altered.

SQL> DESCRIBE DEPARTAMENTO;
 Name                                      Null?    Type
 ----------------------------------------- -------- ----------------------------
 CD                                        NOT NULL NUMBER(2)
 D                                                  VARCHAR2(60)

SQL> DROP TABLE DEPARTAMENTO;
DROP TABLE DEPARTAMENTO
           *
ERROR at line 1:
ORA-02449: unique/primary keys in table referenced by foreign keys 


SQL> SELECT * FROM DEPARTAMENTO
  2  ;

        CD D                                                                    
---------- ------------------------------------------------------------         
         1 ANALISIS MATEMATICO                                                  
         2 ASTROFISICA                                                          
         3 ESTADISTICA, INVESTIGACION OPERATIVA Y COMPUTACION                   
         4 MATEMATICA FUNDAMENTAL                                               

SQL> COMMIT WORK
  2  ;

Commit complete.

SQL> SELECT * FROM AREA;

       CAR AR                                                                   
---------- ------------------------------------------------------------         
        CD                                                                      
----------                                                                      
         1 ALGEBRA                                                              
         4                                                                      
                                                                                
         2 ANALISIS MATEMATICO                                                  
         1                                                                      
                                                                                
         3 ASTRONOMIA Y ASTROFISICA                                             
         2                                                                      
                                                                                

       CAR AR                                                                   
---------- ------------------------------------------------------------         
        CD                                                                      
----------                                                                      
         4 CIENCIAS DE LA COMPUTACION E INTELIGENCIA ARTIFICIAL                 
         3                                                                      
                                                                                
         5 DIDACTICA DE LA MATEMATICA                                           
         1                                                                      
                                                                                
         6 ESTADISTICA E INVESTIGACION OPERATIVA                                
         3                                                                      
                                                                                

       CAR AR                                                                   
---------- ------------------------------------------------------------         
        CD                                                                      
----------                                                                      
         7 LENGUAJE Y SISTEMAS INFORMATICOS                                     
         3                                                                      
                                                                                
         8 MATEMATICA APLICADA                                                  
         1                                                                      
                                                                                

8 rows selected.

SQL> EXIT
